
AI201 environment check
------------------------------------------------------------
[FAIL] Python version
         Found 3.14.5. The pinned packages do not support 3.14 yet — install 3.13 and rebuild your virtual environment.
[PASS] Virtual environment
         /Users/trisha/ai201-project1-unofficial-guide-starter-v2026/.venv
[PASS] Pinned packages
         all 7 import cleanly
[PASS] Free disk space
         127.2 GB
[PASS] Memory
         8.0 GB
[PASS] Key hygiene
         .env is ignored by git
[FAIL] API key
         GEMINI_API_KEY is empty in .env.
[ .. ] Embedding model — first run downloads ~80 MB, this is the slow part
[PASS] Embedding model
         all-MiniLM-L6-v2 loaded, 384-dim vectors
[PASS] Vector store
         Chroma round trip on a cosine collection
[SKIP] Model call
         no key to test with
------------------------------------------------------------
7 passed, 2 failed, 0 to look at, 1 skipped

Not ready yet. Fix the FAIL lines above, then run test.py again.
Still stuck after one honest attempt? Post the whole output in the
help channel — the day before class, not the morning of.

